Q0.0 = phased | 2026-09-04 | adaeze | src=asked
Q0.1 = GPT-image-class | 2026-09-04 | adaeze
Q0.2 = Runway | 2026-09-04 | adaeze
Q0.3 = Figma | 2026-09-04 | adaeze
Q0.4 = Google Fonts | 2026-09-04 | adaeze
Q0.5 = USD 200 plus staff minutes | 2026-09-04 | adaeze
Q1.1 = single | 2026-09-04 | adaeze
Q1.2 = O-GTM | 2026-09-04 | adaeze
Q1.3 = accept 300-50-10 | 2026-09-04 | adaeze
Q1.4 = kerosene-free claim approved; cooling and mains-tie prohibited | 2026-09-04 | adaeze
Q3.1 = USD 2026 | 2026-09-04 | adaeze
Q4.2 = national wiring code plus CE | 2026-09-04 | adaeze
Q4.3 = no cooling no mains-tie no grid-tie | 2026-09-04 | adaeze
Q3.3 = approve charcoal-lantern pick | 2026-09-04 | adaeze
Q5.1 = accept mothers-traders-agents | 2026-09-04 | adaeze
Q8.1 = system A Archivo plus Inter | 2026-09-04 | adaeze
Q10.1 = Logo Typography Color Packaging Donts | 2026-09-04 | adaeze
Q13.1 = accept PRED-01 thresholds | 2026-09-04 | adaeze
QN.0 = SunJar SHS-200 PROVISIONAL | 2026-09-04 | adaeze
QN.3 = SunJar | 2026-09-04 | adaeze
QRP.1 = team standard English | 2026-09-04 | adaeze
Q5.2 = PAYG direct plus agent dealer plus direct enablement | 2026-09-04 | adaeze
Q6.1 = import verbatim | 2026-09-04 | adaeze
Q7.1 = approve direction | 2026-09-04 | adaeze
